// Vitest Snapshot v1, https://vitest.dev/guide/snapshot.html

exports[`A7.2 golden-master — per-persona headline (DEFAULT lens) > iyers: derive() headline is locked 1`] = `
{
  "anchorAge": 38,
  "annualSavings": 1475608,
  "corpusOnlyYearsToRegular": 19.8333,
  "effectiveSWR": 0.035,
  "fireAge": 57.83,
  "fireNumber": 80319726,
  "fireWithdrawableCorpus": 17080000,
  "lensedEarners": 2,
  "monthlyContribution": 122967,
  "progressPercent": 21,
  "savingsRate": 43.2,
  "targetRetirementAge": 55,
  "totalCorpus": 17400000,
  "yearsToFat": 19.5833,
  "yearsToLean": 6.25,
  "yearsToRegular": 19.8333,
}
`;

exports[`A7.2 golden-master — per-persona headline (DEFAULT lens) > mauryas: derive() headline is locked 1`] = `
{
  "anchorAge": 44,
  "annualSavings": 1510982,
  "corpusOnlyYearsToRegular": 24.9167,
  "effectiveSWR": 0.0325,
  "fireAge": 68.92,
  "fireNumber": 113310486,
  "fireWithdrawableCorpus": 35520000,
  "lensedEarners": 1,
  "monthlyContribution": 125915,
  "progressPercent": 31,
  "savingsRate": 38.1,
  "targetRetirementAge": 50,
  "totalCorpus": 36000000,
  "yearsToFat": 24.25,
  "yearsToLean": 4.0833,
  "yearsToRegular": 24.9167,
}
`;

exports[`A7.2 golden-master — per-persona headline (DEFAULT lens) > mehtas: derive() headline is locked 1`] = `
{
  "anchorAge": 45,
  "annualSavings": 2765864,
  "corpusOnlyYearsToRegular": 6,
  "effectiveSWR": 0.0325,
  "fireAge": 51,
  "fireNumber": 102333391,
  "fireWithdrawableCorpus": 79880000,
  "lensedEarners": 2,
  "monthlyContribution": 230489,
  "progressPercent": 78,
  "savingsRate": 52.2,
  "targetRetirementAge": 47,
  "totalCorpus": 80600000,
  "yearsToFat": 8.9167,
  "yearsToLean": 0,
  "yearsToRegular": 6,
}
`;

exports[`A7.2 golden-master — per-persona headline (DEFAULT lens) > sharmas: derive() headline is locked 1`] = `
{
  "anchorAge": 30,
  "annualSavings": 1927164,
  "corpusOnlyYearsToRegular": 25.4167,
  "effectiveSWR": 0.0325,
  "fireAge": 55.42,
  "fireNumber": 105982068,
  "fireWithdrawableCorpus": 11000000,
  "lensedEarners": 2,
  "monthlyContribution": 160597,
  "progressPercent": 10,
  "savingsRate": 48.1,
  "targetRetirementAge": 47,
  "totalCorpus": 11000000,
  "yearsToFat": 22.6667,
  "yearsToLean": 9.9167,
  "yearsToRegular": 25.4167,
}
`;
