// Vitest Snapshot v1, https://vitest.dev/guide/snapshot.html

exports[`A7.2 golden-master — per-persona headline (DEFAULT lens) > iyers: derive() headline is locked 1`] = `
{
  "anchorAge": 38,
  "annualSavings": 1475608,
  "corpusOnlyYearsToRegular": 18.25,
  "effectiveSWR": 0.035,
  "fireAge": 56.25,
  "fireNumber": 80319726,
  "fireWithdrawableCorpus": 17080000,
  "lensedEarners": 2,
  "monthlyContribution": 122967,
  "monthlyTakeHome": 250067,
  "progressPercent": 21,
  "savingsRate": 43.2,
  "targetRetirementAge": 55,
  "totalCorpus": 17400000,
  "yearsToFat": 18,
  "yearsToLean": 6.0833,
  "yearsToRegular": 18.25,
}
`;

exports[`A7.2 golden-master — per-persona headline (DEFAULT lens) > mauryas: derive() headline is locked 1`] = `
{
  "anchorAge": 44,
  "annualSavings": 1510982,
  "corpusOnlyYearsToRegular": 21.6667,
  "effectiveSWR": 0.0325,
  "fireAge": 65.67,
  "fireNumber": 105335102,
  "fireWithdrawableCorpus": 35520000,
  "lensedEarners": 1,
  "monthlyContribution": 125915,
  "monthlyTakeHome": 296357,
  "progressPercent": 34,
  "savingsRate": 38.1,
  "targetRetirementAge": 50,
  "totalCorpus": 36000000,
  "yearsToFat": 23.3333,
  "yearsToLean": 4,
  "yearsToRegular": 21.6667,
}
`;

exports[`A7.2 golden-master — per-persona headline (DEFAULT lens) > mehtas: derive() headline is locked 1`] = `
{
  "anchorAge": 45,
  "annualSavings": 2765864,
  "corpusOnlyYearsToRegular": 5.8333,
  "effectiveSWR": 0.0325,
  "fireAge": 50.83,
  "fireNumber": 102333391,
  "fireWithdrawableCorpus": 79880000,
  "lensedEarners": 2,
  "monthlyContribution": 230489,
  "monthlyTakeHome": 382922,
  "progressPercent": 78,
  "savingsRate": 52.2,
  "targetRetirementAge": 47,
  "totalCorpus": 80600000,
  "yearsToFat": 8.6667,
  "yearsToLean": 0,
  "yearsToRegular": 5.8333,
}
`;

exports[`A7.2 golden-master — per-persona headline (DEFAULT lens) > sharmas: derive() headline is locked 1`] = `
{
  "anchorAge": 31,
  "annualSavings": 1927164,
  "corpusOnlyYearsToRegular": 21,
  "effectiveSWR": 0.0325,
  "fireAge": 52,
  "fireNumber": 87372837,
  "fireWithdrawableCorpus": 11000000,
  "lensedEarners": 2,
  "monthlyContribution": 160597,
  "monthlyTakeHome": 298863,
  "progressPercent": 13,
  "savingsRate": 48.1,
  "targetRetirementAge": 47,
  "totalCorpus": 11000000,
  "yearsToFat": 21.4167,
  "yearsToLean": 9.5833,
  "yearsToRegular": 21,
}
`;
